// Jest Snapshot v1, https://goo.gl/fbAQLP

exports[`Component renders with value 1`] = `
<styled.div>
  this is the Component with this value:
  test
</styled.div>
`;

exports[`Component styled Div 1`] = `
.c0 {
  padding: 10px;
  border: 1px solid green;
}

<div
  className="c0"
/>
`;
